[www.causesforanimals.com/dogs-for-adoption.html]
[www.causesforanimals.com/gdpr/gdprscript5205.js]
[backblue.gif]
[fade.gif]
[index.html]
[connect.facebook.net/en_US/fbds.js]
[cdn2.editmysite.com/css/sites0b6e.css]
[cdn2.editmysite.com/css/old/fancyboxa9a4.css]
[www.causesforanimals.com/files/main_style2f12.css]
[www.causesforanimals.com/files/templateArtifacts2f12.js]
[ajax.googleapis.com/ajax/libs/jquery/1.8.3/jquery.min.js]
[cdn2.editmysite.com/js/lang/en/stldde5.js]
[cdn2.editmysite.com/js/site/main0b6e.js]
[www.google.com/recaptcha/api.js]
[www.causesforanimals.com/uploads/1/0/8/3/10832582/5381480.png]
[www.causesforanimals.com/about-us.html]
[www.causesforanimals.com/mission-and-focus.html]
[www.causesforanimals.com/index.html]
[www.causesforanimals.com/financial-information.html]
[www.causesforanimals.com/meet-the-team.html]
[www.causesforanimals.com/ipc-info.html]
[www.causesforanimals.com/data-protection-policy.html]
[www.causesforanimals.com/our-ethical-standards.html]
[www.causesforanimals.com/contact-us.html]
[www.causesforanimals.com/what-we-do.html]
[www.causesforanimals.com/donations--support.html]
[www.causesforanimals.com/ways-to-donate.html]
[www.causesforanimals.com/volunteering.html]
[www.causesforanimals.com/general-donation.html]
[www.causesforanimals.com/fund-raising.html]
[www.causesforanimals.com/medic-aid.html]
[www.causesforanimals.com/medical-aid-cases.html]
[www.causesforanimals.com/community-care.html]
[www.causesforanimals.com/communitycarecases.html]
[www.causesforanimals.com/cas-education-programs.html]
[www.causesforanimals.com/food-drives.html]
[www.causesforanimals.com/stray-management-program.html]
[www.causesforanimals.com/sponsor-a-kennel-space.html]
[www.causesforanimals.com/volunteers-in-action.html]
[www.causesforanimals.com/cas-adoption-centre.html]
[www.causesforanimals.com/cats-for-adoption.html]
[www.causesforanimals.com/cas-adoption-process.html]
[www.causesforanimals.com/adoption-charges.html]
[www.causesforanimals.com/animals-in-our-care.html]
[www.causesforanimals.com/puppy-club.html]
[www.causesforanimals.com/hdb-approved.html]
[www.causesforanimals.com/gone-to-good-homes.html]
[www.causesforanimals.com/dogs-around-the-world.html]
[www.causesforanimals.com/help-a-street-dog.html]
[www.causesforanimals.com/cas-street-dogs.html]
[www.causesforanimals.com/past-friends.html]
[www.causesforanimals.com/tips-on-strays.html]
[www.causesforanimals.com/rr-fund-appeal.html]
[www.causesforanimals.com/paymerchandise.html]
[www.causesforanimals.com/merchandise.html]
[www.causesforanimals.com/uploads/1/0/8/3/10832582/editor/layoutpageslanscape-pages_16a334.jpg]
[www.causesforanimals.com/uploads/1/0/8/3/10832582/_____4569221.png]
[www.causesforanimals.com/uploads/1/0/8/3/10832582/untitled_10eecc.jpg]
[www.causesforanimals.com/uploads/1/0/8/3/10832582/untitled_11bd68.jpg]
[www.causesforanimals.com/khartik.html]
[www.causesforanimals.com/uploads/1/0/8/3/10832582/editor/khartik-01c118.jpg]
[www.causesforanimals.com/lila.html]
[www.causesforanimals.com/uploads/1/0/8/3/10832582/editor/lila-croppede78d.jpg]
[www.causesforanimals.com/arthos.html]
[www.causesforanimals.com/uploads/1/0/8/3/10832582/editor/1_13.jpg]
[www.causesforanimals.com/mei-mei.html]
[www.causesforanimals.com/uploads/1/0/8/3/10832582/editor/meimeic_15828.jpg]
[www.causesforanimals.com/primrose.html]
[www.causesforanimals.com/uploads/1/0/8/3/10832582/published/primrosecrop-jpg_1f903.jpg]
[www.causesforanimals.com/harry.html]
[www.causesforanimals.com/uploads/1/0/8/3/10832582/editor/harryc5f97.jpg]
[www.causesforanimals.com/wiseman.html]
[www.causesforanimals.com/uploads/1/0/8/3/10832582/published/wiseman11c0fdb.jpg]
[www.causesforanimals.com/ah-leng.html]
[www.causesforanimals.com/uploads/1/0/8/3/10832582/published/_25789515785.jpg]
[www.causesforanimals.com/courtney.html]
[www.causesforanimals.com/uploads/1/0/8/3/10832582/editor/counrtney11cdb27.jpg]
[www.causesforanimals.com/dash.html]
[www.causesforanimals.com/uploads/1/0/8/3/10832582/editor/dashcb6bf.jpg]
[www.causesforanimals.com/sandy.html]
[www.causesforanimals.com/uploads/1/0/8/3/10832582/editor/_9475081243a.jpg]
[www.causesforanimals.com/sammy.html]
[www.causesforanimals.com/uploads/1/0/8/3/10832582/editor/sammy2020f6.jpg]
[www.causesforanimals.com/jewel.html]
[www.causesforanimals.com/uploads/1/0/8/3/10832582/published/jewelc_239ec.jpg]
[www.causesforanimals.com/nina.html]
[www.causesforanimals.com/uploads/1/0/8/3/10832582/editor/_59066751e83.jpg]
[www.causesforanimals.com/elizabeth.html]
[www.causesforanimals.com/uploads/1/0/8/3/10832582/published/23898364c5d.jpg]
[www.causesforanimals.com/bullet.html]
[www.causesforanimals.com/uploads/1/0/8/3/10832582/editor/7440127e699.jpg]
[www.causesforanimals.com/mel.html]
[www.causesforanimals.com/uploads/1/0/8/3/10832582/published/_643343881a9.jpg]
[www.causesforanimals.com/elvis.html]
[www.causesforanimals.com/uploads/1/0/8/3/10832582/editor/_45649972042.jpg]
[www.causesforanimals.com/fokker.html]
[www.causesforanimals.com/uploads/1/0/8/3/10832582/published/_74920796d1b.jpg]
[www.causesforanimals.com/bindy.html]
[www.causesforanimals.com/uploads/1/0/8/3/10832582/published/_9771082a73.jpg]
[www.causesforanimals.com/gimmy.html]
[www.causesforanimals.com/uploads/1/0/8/3/10832582/published/jimmysq4a2b.jpg]
[www.causesforanimals.com/4-little-monkeys.html]
[www.causesforanimals.com/uploads/1/0/8/3/10832582/editor/brun-02_1.jpg]
[www.causesforanimals.com/uploads/1/0/8/3/10832582/editor/java-02_1.jpg]
[www.causesforanimals.com/uploads/1/0/8/3/10832582/editor/neve-02_1.jpg]
[www.causesforanimals.com/uploads/1/0/8/3/10832582/editor/savannah-02_1.jpg]
[www.causesforanimals.com/uploads/1/0/8/3/10832582/published/polly-02d2a9.jpg]
[www.causesforanimals.com/polly.html]
[www.causesforanimals.com/uploads/1/0/8/3/10832582/_3241831_orig.png]
[www.causesforanimals.com/uploads/1/0/8/3/10832582/_7439958.png]
[www.causesforanimals.com/uploads/1/0/8/3/10832582/_1743160_orig.png]
[www.causesforanimals.com/uploads/1/0/8/3/10832582/_7697471.png]
[cdn2.editmysite.com/js/site/main-customer-accounts-site0b6e.js]
[cdn2.editmysite.com/js/wsnbn/snowday262.js]
[www.causesforanimals.com/dogs-for-adoption.html]
[connect.facebook.net/en_US/fbds.js]
[cdn2.editmysite.com/images/util/videojs/white-bar.png]
[cdn2.editmysite.com/images/util/videojs/@2x/white-bar.png]
[cdn2.editmysite.com/images/util/videojs/gradient.png]
[cdn2.editmysite.com/images/util/videojs/@2x/gradient.png]
[cdn2.editmysite.com/sprites/util/videojs-sacae758aa2.png]
[cdn2.editmysite.com/sprites/util/videojs/@2x-s2aff7e7d9a.png]
[cdn2.editmysite.com/images/util/videojs/volume-filled.png]
[cdn2.editmysite.com/images/util/videojs/@2x/volume-filled.png]
[cdn2.editmysite.com/images/util/videojs/volume-mute.png]
[cdn2.editmysite.com/images/util/videojs/@2x/volume-mute.png]
[cdn2.editmysite.com/images/util/videojs/blue-bar.png]
[cdn2.editmysite.com/images/util/videojs/@2x/blue-bar.png]
[cdn2.editmysite.com/images/util/videojs/maximize-icon.png]
[cdn2.editmysite.com/images/util/videojs/@2x/maximize-icon.png]
[cdn2.editmysite.com/images/util/videojs/minimize-icon.png]
[cdn2.editmysite.com/images/util/videojs/@2x/minimize-icon.png]
[cdn2.editmysite.com/images/util/videojs/play-icon.png]
[cdn2.editmysite.com/images/util/videojs/@2x/play-icon.png]
[cdn2.editmysite.com/images/util/videojs/sad-face.png]
[cdn2.editmysite.com/images/util/videojs/@2x/sad-face.png]
[cdn2.editmysite.com/images/util/videojs/loading-icon.png]
[cdn2.editmysite.com/images/util/videojs/@2x/loading-icon.png]
[cdn2.editmysite.com/images/common/buttons/small_grey.png]
[cdn2.editmysite.com/images/common/buttons/small_blue.png]
[cdn2.editmysite.com/images/old/button/large_grey.png]
[cdn2.editmysite.com/images/common/buttons/large_blue.png]
[cdn2.editmysite.com/images/common/search-light.png]
[cdn2.editmysite.com/images/common/social_icons.png]
[cdn2.editmysite.com/images/common/blog/blog-comment-button.png]
[cdn2.editmysite.com/images/common/blog/blog-comment-header.png]
[cdn2.editmysite.com/images/common/blog/blog-comment-pointer.png]
[cdn2.editmysite.com/images/common/blog/blog-comment-link.png]
[cdn2.editmysite.com/images/common/blog/blog-comment-header-author.png]
[cdn2.editmysite.com/images/common/blog/blog-comment-pointer-author.png]
[cdn2.editmysite.com/images/common/blog/blog-comment-field-bg.png]
[cdn2.editmysite.com/images/common/blog/dark-blog-comment-header.png]
[cdn2.editmysite.com/images/common/blog/dark-blog-comment-pointer.png]
[cdn2.editmysite.com/images/common/blog/dark-blog-comment-header-author.png]
[cdn2.editmysite.com/images/common/blog/dark-blog-comment-pointer-author.png]
[cdn2.editmysite.com/images/common/blog/dark-blog-comment-link.png]
[cdn2.editmysite.com/images/util/general/blank.gif]
[cdn2.editmysite.com/images/common/lightbox/prevlabel.gif]
[cdn2.editmysite.com/images/common/lightbox/nextlabel.gif]
[cdn2.editmysite.com/sprites/util/inputs/checkmarkBox-s7868418152.png]
[cdn2.editmysite.com/sprites/util/inputs/checkmarkBox/@2x-s211a47d318.png]
[cdn2.editmysite.com/images/util/inputs/search-input-bg.jpg]
[cdn2.editmysite.com/images/common/magnifying-glass.png]
[cdn2.editmysite.com/images/common/checkmarks/checkmark-mini.png]
[cdn2.editmysite.com/images/common/checkmarks/@2x/checkmark-mini.png]
[cdn2.editmysite.com/images/common/search-pagination-bg.png]
[cdn2.editmysite.com/images/util/general/top-triangle-000.png]
[cdn2.editmysite.com/images/util/general/bottom-triangle-000.png]
[cdn2.editmysite.com/images/util/general/top-triangle-000@2x.png]
[cdn2.editmysite.com/images/util/general/bottom-triangle-000@2x.png]
[cdn2.editmysite.com/sprites/common/social-icons-s5ea5500bdb.png]
[cdn2.editmysite.com/sprites/common/social-icons/@2x-s0ae7d70c70.png]
[cdn2.editmysite.com/sprites/site/mini-cart-s86c48effae.png]
[cdn2.editmysite.com/sprites/site/mini-cart/@2x-s576cbc3f90.png]
[cdn2.editmysite.com/images/loading.gif]
[cdn2.editmysite.com/sprites/site/mobile/commerce-sdf6d4e852c.png]
[cdn2.editmysite.com/sprites/site/mobile/commerce/@2x-s82f968c453.png]
[cdn2.editmysite.com/images/site/checkout/paypal.png]
[cdn2.editmysite.com/images/site/checkout/@2x/paypal.png]
[cdn2.editmysite.com/images/site/checkout/credit-cards.png]
[cdn2.editmysite.com/images/site/checkout/@2x/credit-cards.png]
[cdn2.editmysite.com/images/site/checkout/print.png]
[cdn2.editmysite.com/images/site/checkout/print@2x.png]
[cdn2.editmysite.com/images/vendor/select2/select2.png]
[cdn2.editmysite.com/images/vendor/select2/select2-spinner.gif]
[cdn2.editmysite.com/images/vendor/select2/select2x2.png]
[cdn2.editmysite.com/images/util/spinner/spinner-dark.png]
[cdn2.editmysite.com/images/util/spinner/spinner-light.png]
[cdn2.editmysite.com/images/util/loading-white-w24.gif]
[cdn2.editmysite.com/images/common/form_input_bg.gif]
[cdn2.editmysite.com/sprites/site/forms-s3786257308.png]
[cdn2.editmysite.com/sprites/site/forms/@2x-s47607b315a.png]
[cdn2.editmysite.com/images/blank.gif]
[cdn2.editmysite.com/images/old/photoswipe/loader.gif]
[cdn2.editmysite.com/images/old/photoswipe/error.gif]
[cdn2.editmysite.com/images/old/photoswipe/icons.png]
[cdn2.editmysite.com/images/old/photoswipe/icons@2x.png]
[cdn2.editmysite.com/css/sites0b6e.css]
[cdn2.editmysite.com/images/old/fancybox/fancybox_sprite.png]
[cdn2.editmysite.com/images/old/fancybox/fancybox_loading.gif]
[cdn2.editmysite.com/images/old/fancybox/blank.gif]
[cdn2.editmysite.com/css/old/fancyboxa9a4.css]
[cdn2.editmysite.com/images/old/fancybox/fancybox_overlay.png]
[www.causesforanimals.com/files/theme/social-no-container-blue2f12.png]
[www.causesforanimals.com/files/theme/social-darkblue2f12.png]
[www.causesforanimals.com/files/theme/submit-bg-teal2f12.png]
[www.causesforanimals.com/files/theme/nav-green2f12.png]
[www.causesforanimals.com/files/theme/nav-sep2f12.png]
[www.causesforanimals.com/files/theme/nav-current-teal2f12.png]
[www.causesforanimals.com/files/theme/submenu-inner-teal2f12.png]
[www.causesforanimals.com/files/theme/submenu-teal2f12.png]
[www.causesforanimals.com/files/theme/tall-wrap-in-green2f12.png]
[www.causesforanimals.com/files/theme/banner-bot2f12.png]
[www.causesforanimals.com/files/theme/banner-tall2f12.jpg]
[www.causesforanimals.com/files/theme/banner-short2f12.jpg]
[www.causesforanimals.com/files/theme/short-wrap-in-green2f12.png]
[www.causesforanimals.com/files/theme/banner-landing2f12.jpg]
[www.causesforanimals.com/files/theme/footer-wrap-green2f12.png]
[www.causesforanimals.com/files/theme/field2f12.png]
[www.causesforanimals.com/files/theme/button-green2f12.png]
[www.causesforanimals.com/files/theme/button-highlight-large-teal2f12.png]
[www.causesforanimals.com/files/theme/button-highlight-teal2f12.png]
[www.causesforanimals.com/files/main_style2f12.css]
[www.causesforanimals.com/files/templateArtifacts2f12.js]
[cdn2.editmysite.com/js/lang/en/stldde5.js]
[cdn2.editmysite.com/js/site/main0b6e.js]
[www.causesforanimals.com/uploads/1/0/8/3/10832582/published/caswebbanner-02_12abb.jpg]
[www.causesforanimals.com/uploads/1/0/8/3/10832582/editor/76983715aef.jpg]
[www.causesforanimals.com/uploads/1/0/8/3/10832582/published/12859988efb.jpg]
[www.causesforanimals.com/uploads/1/0/8/3/10832582/published/6846160c238.jpg]
[www.causesforanimals.com/uploads/1/0/8/3/10832582/editor/4280113677d.jpg]
[www.causesforanimals.com/sponsor-a-cas-dog.html]
[www.causesforanimals.com/uploads/1/0/8/3/10832582/editor/1468960f2a5.jpg]
[www.causesforanimals.com/uploads/1/0/8/3/10832582/editor/947484d4ef.jpg]
[www.causesforanimals.com/uploads/1/0/8/3/10832582/editor/9142838fbd4.jpg]
[www.causesforanimals.com/uploads/1/0/8/3/10832582/published/1280143970c.jpg]
[www.causesforanimals.com/uploads/1/0/8/3/10832582/published/109504a9b0.jpg]
[www.causesforanimals.com/uploads/1/0/8/3/10832582/editor/199898d648.jpg]
[www.causesforanimals.com/uploads/1/0/8/3/10832582/__4189081.jpg]
[www.causesforanimals.com/uploads/1/0/8/3/10832582/published/plcfooddriveoct2020fcf2.jpg]
[www.causesforanimals.com/uploads/1/0/8/3/10832582/__4189086.jpg]
[www.causesforanimals.com/uploads/1/0/8/3/10832582/published/news-button_2.jpg]
[www.causesforanimals.com/uploads/1/0/8/3/10832582/editor/lon47478.jpg]
[www.causesforanimals.com/uploads/1/0/8/3/10832582/__4189079.jpg]
[www.causesforanimals.com/uploads/1/0/8/3/10832582/editor/news-button839b.jpg]
[www.causesforanimals.com/uploads/1/0/8/3/10832582/__4189080.jpg]
[www.causesforanimals.com/uploads/1/0/8/3/10832582/published/news-button_1.jpg]
[www.causesforanimals.com/uploads/1/0/8/3/10832582/__4188994.jpg]
[www.causesforanimals.com/uploads/1/0/8/3/10832582/__4189078.jpg]
[www.causesforanimals.com/uploads/1/0/8/3/10832582/6891877.jpg]
[www.causesforanimals.com/uploads/1/0/8/3/10832582/__4189068.jpg]
[www.weebly.com/uploads/1/0/8/3/10832582/why_adopt_not_purchase__446.jpg]
[cdn2.editmysite.com/images/util/videojs/play-icona9a4.png]
[cdn2.editmysite.com/images/util/videojs/@2x/play-icona9a4.png]
[www.causesforanimals.com/uploads/1/0/8/3/10832582/__4189054.jpg]
[www.causesforanimals.com/uploads/1/0/8/3/10832582/dumay2020_.pdf]
[www.causesforanimals.com/uploads/1/0/8/3/10832582/editor/layoutpageslanscape-pages-2020-05-29-07-40-36f179.jpg]
[www.causesforanimals.com/uploads/1/0/8/3/10832582/__4189011.jpg]
[www.causesforanimals.com/uploads/1/0/8/3/10832582/published/119020477-1595254133969609-5451544324017593001-nd317.jpg]
[www.causesforanimals.com/uploads/1/0/8/3/10832582/published/118790163-1592344827593873-3046380165980877041-o1e8e.jpg]
[www.causesforanimals.com/uploads/1/0/8/3/10832582/published/117883010-1580197025475320-7811631670225422103-o5bb0.jpg]
[www.causesforanimals.com/uploads/1/0/8/3/10832582/published/117338879-1575817815913241-3323235353570869940-oa3a2.jpg]
[www.causesforanimals.com/uploads/1/0/8/3/10832582/editor/layoutpageslanscape-pages_24c8fd.jpg]
[www.causesforanimals.com/uploads/1/0/8/3/10832582/__4189004.jpg]
[www.causesforanimals.com/uploads/1/0/8/3/10832582/home-the-floral-side-2019-04-08-18-17-17_orig.jpg]
[www.causesforanimals.com/uploads/1/0/8/3/10832582/ezlivinglogo_1_orig.jpg]
[www.causesforanimals.com/uploads/1/0/8/3/10832582/published/buy-a-bracelet-from-the-rescue-bracelet-therescuebracelet-com-and-sgd-10-per-bracelet-goes-to-161668]
[www.causesforanimals.com/uploads/1/0/8/3/10832582/published/20108524-818777938283903-7419465257396697162-n1581.jpg]
[www.causesforanimals.com/uploads/1/0/8/3/10832582/published/15235673-692103680951330-287479612980714223-offcc.jpg]
[www.causesforanimals.com/uploads/1/0/8/3/10832582/__4188991_orig.jpg]
[www.causesforanimals.com/uploads/1/0/8/3/10832582/64987244-1224280174400342-2578347912366915584-n_orig.jpg]
[www.causesforanimals.com/uploads/1/0/8/3/10832582/northvistavisit_orig.jpg]
[www.causesforanimals.com/uploads/1/0/8/3/10832582/__41889876c98.jpg]
[www.causesforanimals.com/uploads/1/0/8/3/10832582/coa_sample.jpg]
[www.causesforanimals.com/uploads/1/0/8/3/10832582/__4188993_orig.jpg]
[www.causesforanimals.com/uploads/1/0/8/3/10832582/393995284d9.jpg]
[www.causesforanimals.com/uploads/1/0/8/3/10832582/__4188992_orig.jpg]
[www.causesforanimals.com/uploads/1/0/8/3/10832582/1543980_orig.jpg]
[www.causesforanimals.com/uploads/1/0/8/3/10832582/6277776140f.jpg]
[www.causesforanimals.com/uploads/1/0/8/3/10832582/1303589b428.jpg]
[www.causesforanimals.com/index.html]
[www.causesforanimals.com/uploads/1/0/8/3/10832582/1318042bd68.png]
[www.causesforanimals.com/uploads/1/0/8/3/10832582/55698270e01.png]
[www.causesforanimals.com/uploads/1/0/8/3/10832582/79842984f4a.jpg]
[www.causesforanimals.com/uploads/1/0/8/3/10832582/2223127bbf9.jpg]
[www.causesforanimals.com/uploads/1/0/8/3/10832582/19730864f4a.jpg]
[www.causesforanimals.com/uploads/1/0/8/3/10832582/8589127_orig.jpg]
[www.causesforanimals.com/about-us.html]
[cdn2.editmysite.com/css/sites3666.css]
[cdn2.editmysite.com/js/site/main3666.js]
[cdn2.editmysite.com/js/lang/en/stl2fac.js]
[www.causesforanimals.com/uploads/1/0/8/3/10832582/25613379b86.png]
[www.causesforanimals.com/uploads/1/0/8/3/10832582/johnny-sue-katniss_orig.jpg]
[cdn2.editmysite.com/js/site/main-customer-accounts-site3666.js]
[www.causesforanimals.com/mission-and-focus.html]
[www.causesforanimals.com/uploads/1/0/8/3/10832582/__cas_afs_fye_may_2019.pdf]
[www.causesforanimals.com/uploads/1/0/8/3/10832582/cas_-_annual_report_2018__v4__submit_on_cp.pdf]
[www.causesforanimals.com/uploads/1/0/8/3/10832582/cas_-_audited_f_s_for_year_ended_31_may_2018_-_submit_on_gp.pdf]
[www.causesforanimals.com/uploads/1/0/8/3/10832582/6294111_1.png]
[www.causesforanimals.com/uploads/1/0/8/3/10832582/cas_-_annual_report_fy_2017_.pdf]
[www.causesforanimals.com/uploads/1/0/8/3/10832582/cas_fin_stmts_fye2016.pdf]
[www.causesforanimals.com/uploads/1/0/8/3/10832582/cas_finstmt_yemay2015signed.pdf]
[www.causesforanimals.com/financial-information.html]
[www.causesforanimals.com/uploads/1/0/8/3/10832582/62941113636.png]
[www.causesforanimals.com/uploads/1/0/8/3/10832582/4744385_orig.jpg]
[www.causesforanimals.com/uploads/1/0/8/3/10832582/4367812.jpg]
[www.causesforanimals.com/uploads/1/0/8/3/10832582/2476114fa7c.jpg]
[www.causesforanimals.com/uploads/1/0/8/3/10832582/published/4039309497f.jpg]
[www.causesforanimals.com/meet-the-team.html]
[www.causesforanimals.com/uploads/1/0/8/3/10832582/7783566_1.jpg]
[www.causesforanimals.com/ipc-info.html]
[www.causesforanimals.com/data-protection-policy.html]
[www.causesforanimals.com/uploads/1/0/8/3/10832582/33734461c9a.png]
[www.causesforanimals.com/uploads/1/0/8/3/10832582/1264313_orig.png]
[www.causesforanimals.com/uploads/1/0/8/3/10832582/25915303c77.jpg]
[www.causesforanimals.com/our-ethical-standards.html]
[www.causesforanimals.com/uploads/1/0/8/3/10832582/4698897eb16.jpg]
[www.causesforanimals.com/contact-us.html]
[www.causesforanimals.com/smpintro.html]
[www.causesforanimals.com/uploads/1/0/8/3/10832582/cleanshot-2020-07-15-at-14-50-51-2x_orig.jpg]
[www.causesforanimals.com/uploads/1/0/8/3/10832582/cleanshot-2020-07-15-at-14-51-18-2x_orig.jpg]
[www.causesforanimals.com/uploads/1/0/8/3/10832582/cleanshot-2020-07-15-at-14-51-41-2x_orig.jpg]
[www.causesforanimals.com/uploads/1/0/8/3/10832582/layoutpageslanscape-pages-2020-07-15-14-53-08_orig.jpg]
[www.causesforanimals.com/uploads/1/0/8/3/10832582/cleanshot-2020-07-15-at-14-53-16-2x_orig.jpg]
[www.causesforanimals.com/uploads/1/0/8/3/10832582/layoutpageslanscape-pages-2020-07-15-14-53-36_orig.jpg]
[www.causesforanimals.com/uploads/1/0/8/3/10832582/cleanshot-2020-07-15-at-14-53-45-2x_orig.jpg]
[www.causesforanimals.com/ado2019round-up.html]
[www.causesforanimals.com/uploads/1/0/8/3/10832582/cleanshot-2020-07-15-at-14-53-58-2x_orig.jpg]
[www.causesforanimals.com/uploads/1/0/8/3/10832582/64154619a96.jpg]
[www.causesforanimals.com/what-we-do.html]
[cdn2.editmysite.com/css/sitesdb19.css]
[cdn2.editmysite.com/js/site/maindb19.js]
[cdn2.editmysite.com/js/lang/en/stl32be.js]
[www.causesforanimals.com/uploads/1/0/8/3/10832582/editor/2281447_2.png]
[www.causesforanimals.com/uploads/1/0/8/3/10832582/editor/5487907_2.png]
[www.causesforanimals.com/uploads/1/0/8/3/10832582/9057479_2.png]
[www.causesforanimals.com/uploads/1/0/8/3/10832582/2517901_2.png]
[cdn2.editmysite.com/js/site/main-customer-accounts-sitedb19.js]
[www.causesforanimals.com/donations--support.html]
[www.causesforanimals.com/uploads/1/0/8/3/10832582/editor/40_1.jpg]
[www.causesforanimals.com/uploads/1/0/8/3/10832582/published/________60262839150.jpg]
[www.causesforanimals.com/uploads/1/0/8/3/10832582/editor/41_1.jpg]
[www.causesforanimals.com/uploads/1/0/8/3/10832582/editor/111_18d52.jpg]
[www.causesforanimals.com/uploads/1/0/8/3/10832582/editor/43_1.jpg]
[www.causesforanimals.com/uploads/1/0/8/3/10832582/editor/img-20190510-wa0040_2.jpg]
[www.causesforanimals.com/uploads/1/0/8/3/10832582/editor/152d4d.jpg]
[www.causesforanimals.com/uploads/1/0/8/3/10832582/published/55e73b.jpg]
[www.causesforanimals.com/uploads/1/0/8/3/10832582/editor/7_38185.jpg]
[www.causesforanimals.com/uploads/1/0/8/3/10832582/published/56ee51.jpg]
[www.causesforanimals.com/uploads/1/0/8/3/10832582/editor/49_1d449.jpg]
[www.causesforanimals.com/uploads/1/0/8/3/10832582/published/whitey1c3a.jpg]
[www.causesforanimals.com/uploads/1/0/8/3/10832582/published/layoutpageslanscape-pages-2019-11-15-08-56-25434c.jpg]
[www.causesforanimals.com/uploads/1/0/8/3/10832582/published/strayfeeding580cc.png]
[www.causesforanimals.com/uploads/1/0/8/3/10832582/editor/8560d.jpg]
[www.causesforanimals.com/uploads/1/0/8/3/10832582/published/570bce.jpg]
[www.causesforanimals.com/uploads/1/0/8/3/10832582/published/lexiec_1.jpg]
[www.causesforanimals.com/ways-to-donate.html]
[cdn2.editmysite.com/css/old/slideshow/slideshowa9a4.css]
[cdn2.editmysite.com/js/old/slideshow-jq0b6e.js]
[www.causesforanimals.com/vol-registration-form.html]
[www.causesforanimals.com/uploads/1/0/8/3/10832582/1710442.jpg]
[www.causesforanimals.com/uploads/1/0/8/3/10832582/_23617026c98.jpg]
[www.causesforanimals.com/uploads/1/0/8/3/10832582/5003071.jpg]
[www.causesforanimals.com/uploads/1/0/8/3/10832582/88008461c9a.jpg]
[www.causesforanimals.com/uploads/1/0/8/3/10832582/544483.jpg]
[www.causesforanimals.com/uploads/1/0/8/3/10832582/28745231899.jpg]
[www.causesforanimals.com/uploads/1/0/8/3/10832582/__99447236c98.jpg]
[www.causesforanimals.com/uploads/1/0/8/3/10832582/8970877faa9.jpg]
[www.causesforanimals.com/volunteering.html]
[www.causesforanimals.com/paypal-donation.html]
[www.causesforanimals.com/uploads/1/0/8/3/10832582/editor/layoutpageslanscape-pages-2018-10-18-08-35-05210e.jpg]
[www.causesforanimals.com/ibchqatm-donation.html]
[www.causesforanimals.com/uploads/1/0/8/3/10832582/editor/layoutpageslanscape-pages-2018-10-18-08-34-493a56.jpg]
[www.causesforanimals.com/credit-card-donation.html]
[www.causesforanimals.com/uploads/1/0/8/3/10832582/editor/draftingbookportrait-pages-2018-11-22-08-34-38_9.jpg]
[www.causesforanimals.com/paynow-donation.html]
[www.causesforanimals.com/uploads/1/0/8/3/10832582/editor/draftingbookportrait-pages-2018-11-22-15-15-37_3.png]
[www.causesforanimals.com/uploads/1/0/8/3/10832582/7783566.jpg]
[www.causesforanimals.com/general-donation.html]
[www.causesforanimals.com/uploads/1/0/8/3/10832582/551873f766.jpg]
[www.causesforanimals.com/fund-raising.html]
[www.causesforanimals.com/uploads/1/0/8/3/10832582/editor/layoutpageslanscape-pages_29495.jpg]
[www.causesforanimals.com/uploads/1/0/8/3/10832582/8488342_1.png]
[www.paypalobjects.com/en_GB/SG/i/btn/btn_paynowCC_LG.gif]
[www.paypalobjects.com/en_GB/i/scr/pixel.gif]
[www.paypalobjects.com/en_GB/SG/i/btn/btn_subscribeCC_LG.gif]
[www.causesforanimals.com/uploads/1/0/8/3/10832582/1896041_1.jpg]
[www.causesforanimals.com/medic-aid.html]
[www.causesforanimals.com/uploads/1/0/8/3/10832582/published/layoutpageslanscape-pages_12e960.jpg]
[www.causesforanimals.com/uploads/1/0/8/3/10832582/18-causes-for-animals-singapore-home-2020-05-12-12-22-39_orig.jpg]
[www.causesforanimals.com/uploads/1/0/8/3/10832582/18-causes-for-animals-singapore-home-2020-05-12-12-23-48_orig.jpg]
[www.causesforanimals.com/uploads/1/0/8/3/10832582/18-causes-for-animals-singapore-home-2020-05-12-12-23-27_orig.jpg]
[www.causesforanimals.com/uploads/1/0/8/3/10832582/18-causes-for-animals-singapore-home-2020-05-12-12-23-11_orig.jpg]
[www.weebly.com/uploads/b/10832582-236016628434642269/whatsapp_video_2020-05-11_at_2.21.25_pm__1__469.jpg]
[cdn2.editmysite.com/images/util/videojs/play-iconfff6.png]
[cdn2.editmysite.com/images/util/videojs/@2x/play-iconfff6.png]
[www.weebly.com/uploads/b/10832582-236016628434642269/whatsapp_video_2020-05-11_at_2.21.26_pm_198.jpg]
[www.weebly.com/uploads/b/10832582-236016628434642269/whatsapp_video_2020-05-11_at_2.21.26_pm__1__663.jpg]
[www.causesforanimals.com/uploads/1/0/8/3/10832582/empa2_orig.jpg]
[www.weebly.com/uploads/b/10832582-236016628434642269/whatsapp_video_4_270.jpg]
[www.causesforanimals.com/medical-aid-cases.html]
[www.causesforanimals.com/uploads/1/0/8/3/10832582/empa1_orig.jpg]
[www.causesforanimals.com/uploads/1/0/8/3/10832582/98447186c98.jpg]
[www.causesforanimals.com/uploads/1/0/8/3/10832582/55046309cfd.jpg]
[www.causesforanimals.com/uploads/1/0/8/3/10832582/6661124be83.jpg]
[www.causesforanimals.com/uploads/1/0/8/3/10832582/57188059fd8.jpg]
[www.causesforanimals.com/uploads/1/0/8/3/10832582/27919974918.jpg]
[www.causesforanimals.com/uploads/1/0/8/3/10832582/2988529.jpg]
[www.causesforanimals.com/uploads/1/0/8/3/10832582/8656788a597.jpg]
[www.causesforanimals.com/community-care.html]
[www.causesforanimals.com/uploads/1/0/8/3/10832582/3521483115f.jpg]
[www.causesforanimals.com/uploads/1/0/8/3/10832582/7490762_orig.jpg]
[www.causesforanimals.com/uploads/1/0/8/3/10832582/3980279_orig.jpg]
[www.causesforanimals.com/uploads/1/0/8/3/10832582/84659956c98.jpg]
[www.causesforanimals.com/uploads/1/0/8/3/10832582/63626881afa.jpg]
[www.causesforanimals.com/uploads/1/0/8/3/10832582/6926029872.jpg]
[www.weebly.com/uploads/1/0/8/3/10832582/tannie_961.jpg]
[www.causesforanimals.com/communitycarecases.html]
[www.causesforanimals.com/uploads/1/0/8/3/10832582/casschooltalknov2018_orig.jpg]
[www.causesforanimals.com/uploads/1/0/8/3/10832582/4759236d34a.jpg]
[www.causesforanimals.com/uploads/1/0/8/3/10832582/2979616_orig.jpg]
[www.causesforanimals.com/uploads/1/0/8/3/10832582/8045004_orig.jpg]
[www.causesforanimals.com/uploads/1/0/8/3/10832582/6229824_orig.jpg]
[www.causesforanimals.com/uploads/1/0/8/3/10832582/3190972_orig.jpg]
[www.causesforanimals.com/uploads/1/0/8/3/10832582/education_poster__1_.pdf]
[www.causesforanimals.com/uploads/1/0/8/3/10832582/8739428_orig.jpg]
[www.causesforanimals.com/uploads/1/0/8/3/10832582/617938_orig.jpg]
[www.causesforanimals.com/uploads/1/0/8/3/10832582/8622578_orig.jpg]
[www.causesforanimals.com/uploads/1/0/8/3/10832582/8625655_orig.jpg]
[www.causesforanimals.com/cas-education-programs.html]
[www.causesforanimals.com/uploads/1/0/8/3/10832582/2395303.png]
[www.causesforanimals.com/uploads/1/0/8/3/10832582/1408339800.jpg]
[www.causesforanimals.com/uploads/1/0/8/3/10832582/1408339311.jpg]
[www.causesforanimals.com/uploads/1/0/8/3/10832582/8712933839a.jpg]
[www.causesforanimals.com/uploads/1/0/8/3/10832582/5305509e2c0.png]
[www.causesforanimals.com/uploads/1/0/8/3/10832582/weebly-2019-09-26-07-40-41_orig.jpg]
[www.causesforanimals.com/uploads/1/0/8/3/10832582/editor/weebly-2019-09-26-07-40-13e41d.jpg]
[www.causesforanimals.com/uploads/1/0/8/3/10832582/editor/kohepets-cares-logobe31.png]
[www.causesforanimals.com/uploads/1/0/8/3/10832582/weebly-2019-09-26-07-40-56_orig.jpg]
[www.causesforanimals.com/uploads/1/0/8/3/10832582/weebly-2019-09-26-07-40-25_orig.jpg]
[www.causesforanimals.com/uploads/1/0/8/3/10832582/17935851543.jpg]
[www.causesforanimals.com/food-drives.html]
[www.causesforanimals.com/uploads/1/0/8/3/10832582/654503616a5.jpg]
[www.causesforanimals.com/uploads/1/0/8/3/10832582/editor/layoutpageslanscape-pages-2018-10-18-15-49-114c15.jpg]
[www.causesforanimals.com/uploads/1/0/8/3/10832582/6579538bca8.jpg]
[www.causesforanimals.com/uploads/1/0/8/3/10832582/9154527b396.jpg]
[www.causesforanimals.com/stray-management-program.html]
[www.causesforanimals.com/uploads/1/0/8/3/10832582/_6026279b1d1.jpg]
[www.causesforanimals.com/uploads/1/0/8/3/10832582/5742140060a.jpg]
[www.causesforanimals.com/uploads/1/0/8/3/10832582/4809388ffd5.png]
[www.causesforanimals.com/kennel-faq.html]
[www.causesforanimals.com/uploads/1/0/8/3/10832582/3282505.jpg]
[www.causesforanimals.com/sponsor-a-kennel-space.html]
[www.causesforanimals.com/uploads/1/0/8/3/10832582/__4189074.jpg]
[www.causesforanimals.com/uploads/1/0/8/3/10832582/64987244-1224280174400342-2578347912366915584-n_1.jpg]
[www.causesforanimals.com/uploads/1/0/8/3/10832582/northvistavisit_2.jpg]
[www.causesforanimals.com/uploads/1/0/8/3/10832582/citibankvia_2_orig.jpg]
[www.causesforanimals.com/uploads/1/0/8/3/10832582/4560024_2_orig.jpg]
[www.causesforanimals.com/uploads/1/0/8/3/10832582/8038030_2.jpg]
[www.causesforanimals.com/uploads/1/0/8/3/10832582/5354285_2.jpg]
[www.causesforanimals.com/uploads/1/0/8/3/10832582/8192315_2.jpg]
[www.causesforanimals.com/uploads/1/0/8/3/10832582/__4189077.jpg]
[www.causesforanimals.com/uploads/1/0/8/3/10832582/1303589_2.jpg]
[www.causesforanimals.com/volunteers-in-action.html]
[www.causesforanimals.com/uploads/1/0/8/3/10832582/layoutpageslanscape-pages_14_orig.jpg]
[www.causesforanimals.com/uploads/1/0/8/3/10832582/layoutpageslanscape-pages_15_orig.jpg]
[www.causesforanimals.com/uploads/1/0/8/3/10832582/layoutpageslanscape-pages_13_orig.jpg]
[www.causesforanimals.com/uploads/1/0/8/3/10832582/32418316c4b.png]
[www.causesforanimals.com/uploads/1/0/8/3/10832582/7439958e2c0.png]
[www.causesforanimals.com/uploads/1/0/8/3/10832582/1743160.png]
[www.causesforanimals.com/cas-adoption-centre.html]
[www.causesforanimals.com/uploads/1/0/8/3/10832582/_4569222.png]
[www.causesforanimals.com/nala.html]
[www.causesforanimals.com/uploads/1/0/8/3/10832582/published/nala3129.jpg]
[www.causesforanimals.com/belle.html]
[www.causesforanimals.com/uploads/1/0/8/3/10832582/published/belle22611.jpg]
[www.causesforanimals.com/oliver.html]
[www.causesforanimals.com/uploads/1/0/8/3/10832582/published/5_132f6a.jpg]
[www.causesforanimals.com/siam.html]
[www.causesforanimals.com/uploads/1/0/8/3/10832582/published/siam-2-origa7e7.jpg]
[www.causesforanimals.com/uploads/1/0/8/3/10832582/published/sesame6a92.jpg]
[www.causesforanimals.com/uploads/1/0/8/3/10832582/published/unnamed2021.jpg]
[www.causesforanimals.com/uploads/1/0/8/3/10832582/editor/172bd.jpg]
[www.causesforanimals.com/uploads/1/0/8/3/10832582/published/87179187-1425594424268915-4930075676406448128-o9d4a.jpg]
[www.causesforanimals.com/uploads/1/0/8/3/10832582/published/honey_1f95c.jpg]
[www.causesforanimals.com/uploads/1/0/8/3/10832582/published/sundae-1ae0f.jpg]
[www.causesforanimals.com/uploads/1/0/8/3/10832582/published/merlinaffa.jpg]
[www.causesforanimals.com/uploads/1/0/8/3/10832582/published/beanie25a8.jpg]
[www.causesforanimals.com/uploads/1/0/8/3/10832582/published/1_438d18.jpg]
[www.causesforanimals.com/uploads/1/0/8/3/10832582/published/53654654-2095807330516011-5461566433198604288-o4f13.jpg]
[www.causesforanimals.com/uploads/1/0/8/3/10832582/editor/screenshot-2018-09-26-at-9-06-20-am_13614.png]
[www.causesforanimals.com/uploads/1/0/8/3/10832582/published/bubblesc9b96.jpg]
[www.causesforanimals.com/uploads/1/0/8/3/10832582/published/levied4e.jpg]
[www.causesforanimals.com/uploads/1/0/8/3/10832582/published/gingerc_1a8b2.jpg]
[www.causesforanimals.com/uploads/1/0/8/3/10832582/published/pita-cate130.jpg]
[www.causesforanimals.com/uploads/1/0/8/3/10832582/editor/tutti-bon-bon-cats4e2b.jpg]
[www.causesforanimals.com/cats-for-adoption.html]
[www.causesforanimals.com/uploads/1/0/8/3/10832582/13149044c56.png]
[www.causesforanimals.com/new-pre-adoption-questionnaire.html]
[www.causesforanimals.com/uploads/1/0/8/3/10832582/5092789577e.jpg]
[www.causesforanimals.com/uploads/1/0/8/3/10832582/5019867ec5d.png]
[www.causesforanimals.com/uploads/1/0/8/3/10832582/5342596a0a0.png]
[www.causesforanimals.com/uploads/1/0/8/3/10832582/2606999ec5d.png]
[www.causesforanimals.com/uploads/1/0/8/3/10832582/published/chapf3ed.jpg]
[www.causesforanimals.com/uploads/1/0/8/3/10832582/800918342a0.png]
[www.causesforanimals.com/cas-adoption-process.html]
[www.causesforanimals.com/uploads/1/0/8/3/10832582/5538409.jpg]
[www.causesforanimals.com/adoption-charges.html]
[www.causesforanimals.com/uploads/1/0/8/3/10832582/3962959a8f1.png]
[www.causesforanimals.com/uploads/1/0/8/3/10832582/11584750451.png]
[www.causesforanimals.com/uploads/1/0/8/3/10832582/54627331d7f.png]
[www.causesforanimals.com/uploads/1/0/8/3/10832582/5335356b1d1.png]
[www.causesforanimals.com/uploads/1/0/8/3/10832582/published/streetdog4_22689.jpg]
[www.causesforanimals.com/uploads/1/0/8/3/10832582/61021086c4b.jpg]
[www.causesforanimals.com/uploads/1/0/8/3/10832582/28085149fc3.jpg]
[www.causesforanimals.com/uploads/1/0/8/3/10832582/10211463def.jpg]
[www.causesforanimals.com/animals-in-our-care.html]
[www.causesforanimals.com/uploads/1/0/8/3/10832582/___4569224.png]
[www.causesforanimals.com/uploads/1/0/8/3/10832582/published/brun-02079c.jpg]
[www.causesforanimals.com/uploads/1/0/8/3/10832582/editor/java-02a1f5.jpg]
[www.causesforanimals.com/uploads/1/0/8/3/10832582/editor/neve-02e570.jpg]
[www.causesforanimals.com/uploads/1/0/8/3/10832582/editor/savannah-0258b1.jpg]
[www.causesforanimals.com/uploads/1/0/8/3/10832582/editor/polly-02_1.jpg]
[www.causesforanimals.com/uploads/1/0/8/3/10832582/1291411_3.jpg]
[www.causesforanimals.com/uploads/1/0/8/3/10832582/9935605_3.jpg]
[www.causesforanimals.com/uploads/1/0/8/3/10832582/4463108_3.png]
[www.causesforanimals.com/uploads/1/0/8/3/10832582/6734990_3.png]
[www.causesforanimals.com/uploads/1/0/8/3/10832582/3605740_3.jpg]
[www.causesforanimals.com/uploads/1/0/8/3/10832582/6782755_3.png]
[www.causesforanimals.com/uploads/1/0/8/3/10832582/weebly-2020-05-01-14-20-03_orig.jpg]
[www.causesforanimals.com/puppy-club.html]
[www.causesforanimals.com/uploads/1/0/8/3/10832582/projectadore2020.png_2020-03-11_09-27-00.jpg]
[www.causesforanimals.com/uploads/1/0/8/3/10832582/projectadore2020-png-2020-03-11-09-27-00_orig.jpg]
[www.causesforanimals.com/uploads/1/0/8/3/10832582/editor/khartik-01_1.jpg]
[www.causesforanimals.com/uploads/1/0/8/3/10832582/editor/lila-cropped_1.jpg]
[www.causesforanimals.com/uploads/1/0/8/3/10832582/published/1_4520a2.jpg]
[www.causesforanimals.com/uploads/1/0/8/3/10832582/editor/meimeic_463f8.jpg]
[www.causesforanimals.com/uploads/1/0/8/3/10832582/editor/_7492080b8df.jpg]
[www.causesforanimals.com/uploads/1/0/8/3/10832582/published/counrtney11c608a.jpg]
[www.causesforanimals.com/uploads/1/0/8/3/10832582/published/_9475083e744.jpg]
[www.causesforanimals.com/uploads/1/0/8/3/10832582/published/_2578953b375.jpg]
[www.causesforanimals.com/uploads/1/0/8/3/10832582/editor/jewelc_16fa3.jpg]
[www.causesforanimals.com/uploads/1/0/8/3/10832582/published/_59066778235.jpg]
[www.causesforanimals.com/uploads/1/0/8/3/10832582/published/jimmysq_259b8.jpg]
[www.causesforanimals.com/hdb-approved.html]
[www.causesforanimals.com/uploads/1/0/8/3/10832582/published/119020477-1595254133969609-5451544324017593001-n6334.jpg]
[www.causesforanimals.com/uploads/1/0/8/3/10832582/published/118790163-1592344827593873-3046380165980877041-oa552.jpg]
[www.causesforanimals.com/uploads/1/0/8/3/10832582/published/117883010-1580197025475320-7811631670225422103-o7c3f.jpg]
[www.causesforanimals.com/uploads/1/0/8/3/10832582/published/117338879-1575817815913241-3323235353570869940-o13a0.jpg]
[www.causesforanimals.com/uploads/1/0/8/3/10832582/editor/milan12699.jpg]
[www.causesforanimals.com/uploads/1/0/8/3/10832582/published/img-20200818-wa011569c9.jpg]
[www.causesforanimals.com/uploads/1/0/8/3/10832582/published/117232926-1565938020234554-8950146275495830949-n04b7.jpg]
[www.causesforanimals.com/uploads/1/0/8/3/10832582/editor/3_33bb00.jpg]
[www.causesforanimals.com/uploads/1/0/8/3/10832582/published/113268915-1552937781534578-8816831992210508916-n14a0.jpg]
[www.causesforanimals.com/uploads/1/0/8/3/10832582/published/angel-cropped_218b1.jpg]
[www.causesforanimals.com/uploads/1/0/8/3/10832582/published/0766a27a-5d7c-4ffe-aee4-c9142c8830189fd3.jpg]
[www.causesforanimals.com/uploads/1/0/8/3/10832582/editor/ava-01b58c.jpg]
[www.causesforanimals.com/uploads/1/0/8/3/10832582/editor/ali-baba-0162e3.jpg]
[www.causesforanimals.com/uploads/1/0/8/3/10832582/editor/bobbibrown01d781.jpg]
[www.causesforanimals.com/uploads/1/0/8/3/10832582/editor/jerriec84b7.jpg]
[www.causesforanimals.com/uploads/1/0/8/3/10832582/published/ameliacae42.jpg]
[www.causesforanimals.com/uploads/1/0/8/3/10832582/published/albertc76eb.jpg]
[www.causesforanimals.com/uploads/1/0/8/3/10832582/editor/bruno-01e5b4.jpg]
[www.causesforanimals.com/uploads/1/0/8/3/10832582/editor/3_279f25.jpg]
[www.causesforanimals.com/uploads/1/0/8/3/10832582/editor/dixy255ff.jpg]
[www.causesforanimals.com/uploads/1/0/8/3/10832582/editor/missy1c57c.jpg]
[www.causesforanimals.com/uploads/1/0/8/3/10832582/published/x5yznkwa_1809b.jpg]
[www.causesforanimals.com/uploads/1/0/8/3/10832582/published/salt-016af6.jpg]
[www.causesforanimals.com/uploads/1/0/8/3/10832582/published/ted-01acc1.jpg]
[www.causesforanimals.com/uploads/1/0/8/3/10832582/published/unnamed_118b09.jpg]
[www.causesforanimals.com/uploads/1/0/8/3/10832582/editor/13451791488524.jpg]
[www.causesforanimals.com/uploads/1/0/8/3/10832582/editor/rosie-01e312.jpg]
[www.causesforanimals.com/uploads/1/0/8/3/10832582/editor/rudolph-01f06c.jpg]
[www.causesforanimals.com/uploads/1/0/8/3/10832582/published/1_31d682.jpg]
[www.causesforanimals.com/uploads/1/0/8/3/10832582/published/lucky20a7b.jpg]
[www.causesforanimals.com/uploads/1/0/8/3/10832582/published/murni-ccd75.jpg]
[www.causesforanimals.com/uploads/1/0/8/3/10832582/published/m-terry-c331d.jpg]
[www.causesforanimals.com/uploads/1/0/8/3/10832582/editor/jillic_1.jpg]
[www.causesforanimals.com/uploads/1/0/8/3/10832582/editor/79701275-1367955660032792-487045103773286400-o7f55.jpg]
[www.causesforanimals.com/uploads/1/0/8/3/10832582/editor/duke-014e62.jpg]
[www.causesforanimals.com/uploads/1/0/8/3/10832582/editor/3_27bf62.jpg]
[www.causesforanimals.com/uploads/1/0/8/3/10832582/published/inbox-23-355-messages-843-unread-2019-10-03-09-07-18d956.jpg]
[www.causesforanimals.com/uploads/1/0/8/3/10832582/editor/zoeyc2f81.jpg]
[www.causesforanimals.com/uploads/1/0/8/3/10832582/published/unnamed_845a2.jpg]
[www.causesforanimals.com/uploads/1/0/8/3/10832582/published/riley7db1.jpg]
[www.causesforanimals.com/uploads/1/0/8/3/10832582/published/fwd-hermione-all-mail-2019-11-17-10-22-46249a.jpg]
[www.causesforanimals.com/uploads/1/0/8/3/10832582/published/rory6e0b.jpg]
[www.causesforanimals.com/uploads/1/0/8/3/10832582/published/amber4_2756f.jpg]
[www.causesforanimals.com/uploads/1/0/8/3/10832582/published/atlas1_1369a.jpg]
[www.causesforanimals.com/uploads/1/0/8/3/10832582/editor/basilc5fdb.jpg]
[www.causesforanimals.com/uploads/1/0/8/3/10832582/editor/tom1ee49.jpg]
[www.causesforanimals.com/uploads/1/0/8/3/10832582/published/cookiec2cd4.jpg]
[www.causesforanimals.com/uploads/1/0/8/3/10832582/published/mintcd6be.jpg]
[www.causesforanimals.com/uploads/1/0/8/3/10832582/published/sagecf7f7.jpg]
[www.causesforanimals.com/uploads/1/0/8/3/10832582/published/parsleyc6c0e.jpg]
[www.causesforanimals.com/uploads/1/0/8/3/10832582/published/libby157a9.jpg]
[www.causesforanimals.com/uploads/1/0/8/3/10832582/editor/landon1e7f0.jpg]
[www.causesforanimals.com/uploads/1/0/8/3/10832582/editor/wang-wang-croppedaeed.jpg]
[www.causesforanimals.com/uploads/1/0/8/3/10832582/published/lexie13989.jpg]
[www.causesforanimals.com/uploads/1/0/8/3/10832582/published/veronicacabf9.jpg]
[www.causesforanimals.com/uploads/1/0/8/3/10832582/editor/arya-blossomea89.jpg]
[www.causesforanimals.com/uploads/1/0/8/3/10832582/published/mikeyc333c.jpg]
[www.causesforanimals.com/uploads/1/0/8/3/10832582/editor/lincolnce5b3.jpg]
[www.causesforanimals.com/uploads/1/0/8/3/10832582/editor/santana-02a9d3.jpg]
[www.causesforanimals.com/uploads/1/0/8/3/10832582/editor/correna-04e8f1.jpg]
[www.causesforanimals.com/uploads/1/0/8/3/10832582/editor/toby-croppeddf09.jpg]
[www.causesforanimals.com/uploads/1/0/8/3/10832582/published/sarac8171.jpg]
[www.causesforanimals.com/uploads/1/0/8/3/10832582/published/cardi10397.jpg]
[www.causesforanimals.com/uploads/1/0/8/3/10832582/published/eve38d12.jpg]
[www.causesforanimals.com/uploads/1/0/8/3/10832582/published/nicki3b94c.jpg]
[www.causesforanimals.com/uploads/1/0/8/3/10832582/published/micah-01_1a9bb.jpg]
[www.causesforanimals.com/uploads/1/0/8/3/10832582/editor/maximus-01_2e68c.jpg]
[www.causesforanimals.com/uploads/1/0/8/3/10832582/published/sassy-01_1d8de.jpg]
[www.causesforanimals.com/uploads/1/0/8/3/10832582/published/pocco-01_1d819.jpg]
[www.causesforanimals.com/uploads/1/0/8/3/10832582/published/felix-01_1a116.jpg]
[www.causesforanimals.com/uploads/1/0/8/3/10832582/published/asher-01_16489.jpg]
[www.causesforanimals.com/uploads/1/0/8/3/10832582/editor/maggie-01_18535.jpg]
[www.causesforanimals.com/uploads/1/0/8/3/10832582/editor/biggirlc5d78.jpg]
[www.causesforanimals.com/uploads/1/0/8/3/10832582/editor/mikoc_1a44b.jpg]
[www.causesforanimals.com/uploads/1/0/8/3/10832582/editor/1_25a270.jpg]
[www.causesforanimals.com/uploads/1/0/8/3/10832582/editor/1_3002df.jpg]
[www.causesforanimals.com/uploads/1/0/8/3/10832582/editor/a55i4934-edit_3.jpg]
[www.causesforanimals.com/uploads/1/0/8/3/10832582/editor/sasha-02_2.jpg]
[www.causesforanimals.com/uploads/1/0/8/3/10832582/published/simon-02_19c49.jpg]
[www.causesforanimals.com/uploads/1/0/8/3/10832582/published/theodore-02_1724f.jpg]
[www.causesforanimals.com/uploads/1/0/8/3/10832582/published/alvin-02_133d8.jpg]
[www.causesforanimals.com/uploads/1/0/8/3/10832582/editor/1_15b5d7.jpg]
[www.causesforanimals.com/uploads/1/0/8/3/10832582/editor/jen_60268.jpg]
[www.causesforanimals.com/uploads/1/0/8/3/10832582/editor/trent_27c0f.jpg]
[www.causesforanimals.com/uploads/1/0/8/3/10832582/published/tamc_2bf67.jpg]
[www.causesforanimals.com/uploads/1/0/8/3/10832582/published/fwd-puppers-google-all-mail-2019-02-22-18-42-16_1fb0c.jpg]
[www.causesforanimals.com/uploads/1/0/8/3/10832582/editor/paige-c_1f1f5.jpg]
[www.causesforanimals.com/uploads/1/0/8/3/10832582/editor/baikancdb1e.jpg]
[www.causesforanimals.com/uploads/1/0/8/3/10832582/published/1_31.jpg]
[www.causesforanimals.com/uploads/1/0/8/3/10832582/published/pamc_2.jpg]
[www.causesforanimals.com/uploads/1/0/8/3/10832582/published/hunter_1.jpg]
[www.causesforanimals.com/uploads/1/0/8/3/10832582/editor/scarlett_1.jpg]
[www.causesforanimals.com/uploads/1/0/8/3/10832582/editor/mollyc_4.jpg]
[www.causesforanimals.com/uploads/1/0/8/3/10832582/published/hulkhoganc_5.jpg]
[www.causesforanimals.com/uploads/1/0/8/3/10832582/published/1447197919_1.jpg]
[www.causesforanimals.com/uploads/1/0/8/3/10832582/published/unnamed_8.jpg]
[www.causesforanimals.com/uploads/1/0/8/3/10832582/published/1_23.jpg]
[www.causesforanimals.com/uploads/1/0/8/3/10832582/published/dondonc_1.jpg]
[www.causesforanimals.com/uploads/1/0/8/3/10832582/published/tarac_1.jpg]
[www.causesforanimals.com/uploads/1/0/8/3/10832582/published/cookiec_3.jpg]
[www.causesforanimals.com/uploads/1/0/8/3/10832582/published/1_15.jpg]
[www.causesforanimals.com/uploads/1/0/8/3/10832582/published/7-1_1.jpg]
[www.causesforanimals.com/uploads/1/0/8/3/10832582/published/linglingc_2.jpg]
[www.causesforanimals.com/uploads/1/0/8/3/10832582/published/unnamed_6.jpg]
[www.causesforanimals.com/uploads/1/0/8/3/10832582/published/1_32.jpg]
[www.causesforanimals.com/uploads/1/0/8/3/10832582/published/nyshac_3.jpg]
[www.causesforanimals.com/uploads/1/0/8/3/10832582/published/2-3_1.jpg]
[www.causesforanimals.com/uploads/1/0/8/3/10832582/published/ushac_3.jpg]
[www.causesforanimals.com/uploads/1/0/8/3/10832582/published/hulkhoganc_6.jpg]
[www.causesforanimals.com/uploads/1/0/8/3/10832582/published/screenshot-2018-09-26-at-9-06-20-am_3.png]
[www.causesforanimals.com/uploads/1/0/8/3/10832582/published/tarapupc_2.jpg]
[www.causesforanimals.com/uploads/1/0/8/3/10832582/published/barneyc_4.jpg]
[www.causesforanimals.com/uploads/1/0/8/3/10832582/published/hannahc_5.jpg]
[www.causesforanimals.com/uploads/1/0/8/3/10832582/published/bostonc_4.jpg]
[www.causesforanimals.com/uploads/1/0/8/3/10832582/published/luna-dreamy_1.jpg]
[www.causesforanimals.com/uploads/1/0/8/3/10832582/published/annac_3.jpg]
[www.causesforanimals.com/uploads/1/0/8/3/10832582/published/rick-flair-c-2_2.jpg]
[www.causesforanimals.com/uploads/1/0/8/3/10832582/published/tommyc_3.jpg]
[www.causesforanimals.com/uploads/1/0/8/3/10832582/published/fridayc_4.jpg]
[www.causesforanimals.com/uploads/1/0/8/3/10832582/published/oreoc_8.jpg]
[www.causesforanimals.com/uploads/1/0/8/3/10832582/published/mondayc_4.jpg]
[www.causesforanimals.com/uploads/1/0/8/3/10832582/published/tuesdayc_4.jpg]
[www.causesforanimals.com/uploads/1/0/8/3/10832582/published/wednesdayc_3.jpg]
[www.causesforanimals.com/uploads/1/0/8/3/10832582/published/nickic_12.jpg]
[www.causesforanimals.com/uploads/1/0/8/3/10832582/published/thursdayc_2.jpg]
[www.causesforanimals.com/uploads/1/0/8/3/10832582/published/daisyc2_5.jpg]
[www.causesforanimals.com/uploads/1/0/8/3/10832582/published/bubblesc_6.jpg]
[www.causesforanimals.com/uploads/1/0/8/3/10832582/published/oraclecropped_4.jpg]
[www.causesforanimals.com/uploads/1/0/8/3/10832582/published/rosec_3.jpg]
[www.causesforanimals.com/uploads/1/0/8/3/10832582/bluebell_2.jpg]
[www.causesforanimals.com/uploads/1/0/8/3/10832582/published/stellac_5.jpg]
[www.causesforanimals.com/uploads/1/0/8/3/10832582/published/lunac_5.jpg]
[www.causesforanimals.com/uploads/1/0/8/3/10832582/published/milkshake_5.jpg]
[www.causesforanimals.com/uploads/1/0/8/3/10832582/published/moscowc-copy_3.jpg]
[www.causesforanimals.com/uploads/1/0/8/3/10832582/published/lisbpnc_4.jpg]
[www.causesforanimals.com/uploads/1/0/8/3/10832582/published/monacoc_4.jpg]
[www.causesforanimals.com/uploads/1/0/8/3/10832582/published/dilic-copy_2.jpg]
[www.causesforanimals.com/uploads/1/0/8/3/10832582/published/oliviac2_2.png]
[www.causesforanimals.com/uploads/1/0/8/3/10832582/published/sweeticc_3.jpg]
[www.causesforanimals.com/uploads/1/0/8/3/10832582/published/winterc_4.jpg]
[www.causesforanimals.com/uploads/1/0/8/3/10832582/published/chacec_2.jpg]
[www.causesforanimals.com/uploads/1/0/8/3/10832582/published/chad_3.jpg]
[www.causesforanimals.com/uploads/1/0/8/3/10832582/published/stampc_5.jpg]
[www.causesforanimals.com/uploads/1/0/8/3/10832582/published/bernie_3.jpg]
[www.causesforanimals.com/uploads/1/0/8/3/10832582/published/dotty_4.jpg]
[www.causesforanimals.com/uploads/1/0/8/3/10832582/published/levi_3.jpg]
[www.causesforanimals.com/uploads/1/0/8/3/10832582/published/soniac_4.jpg]
[www.causesforanimals.com/uploads/1/0/8/3/10832582/ellenc2_5.jpg]
[www.causesforanimals.com/uploads/1/0/8/3/10832582/published/bbc2_3.jpg]
[www.causesforanimals.com/uploads/1/0/8/3/10832582/published/39-causes-for-animals-singapore-home_5.jpg]
[www.causesforanimals.com/uploads/1/0/8/3/10832582/published/pops-inbox-2018-12-11-07-40-505ebe.png]
[www.causesforanimals.com/uploads/1/0/8/3/10832582/editor/40-causes-for-animals-singapore-home_7.jpg]
[www.causesforanimals.com/uploads/1/0/8/3/10832582/published/2-causes-for-animals-singapore-photos_6.jpg]
[www.causesforanimals.com/uploads/1/0/8/3/10832582/published/40-causes-for-animals-singapore-home_8.jpg]
[www.causesforanimals.com/uploads/1/0/8/3/10832582/rocky_1.jpg]
[www.causesforanimals.com/uploads/1/0/8/3/10832582/published/2-causes-for-animals-singapore-photos_7.jpg]
[www.causesforanimals.com/uploads/1/0/8/3/10832582/published/melbournec_5.jpg]
[www.causesforanimals.com/uploads/1/0/8/3/10832582/published/taurusc_4.jpg]
[www.causesforanimals.com/uploads/1/0/8/3/10832582/published/bellec-5_2.jpg]
[www.causesforanimals.com/uploads/1/0/8/3/10832582/published/edc3_4.jpg]
[www.causesforanimals.com/uploads/1/0/8/3/10832582/published/simonac2-jpg_4.jpg]
[www.causesforanimals.com/uploads/1/0/8/3/10832582/published/watsonc_4.jpg]
[www.causesforanimals.com/uploads/1/0/8/3/10832582/published/gerogiec_4.jpg]
[www.causesforanimals.com/uploads/1/0/8/3/10832582/published/ellenc2_6.jpg]
[www.causesforanimals.com/uploads/1/0/8/3/10832582/published/porche_3.jpg]
[www.causesforanimals.com/uploads/1/0/8/3/10832582/published/chip_4.jpg]
[www.causesforanimals.com/uploads/1/0/8/3/10832582/published/meadow_4.jpg]
[www.causesforanimals.com/uploads/1/0/8/3/10832582/published/rainbowc_4.jpg]
[www.causesforanimals.com/uploads/1/0/8/3/10832582/published/bonniec_5.jpg]
[www.causesforanimals.com/uploads/1/0/8/3/10832582/published/hopec_4.jpg]
[www.causesforanimals.com/uploads/1/0/8/3/10832582/published/hermesc_3.jpg]
[www.causesforanimals.com/uploads/1/0/8/3/10832582/published/heidic_4.jpg]
[www.causesforanimals.com/adopted-dogs.html]
[www.causesforanimals.com/uploads/1/0/8/3/10832582/editor/layoutpageslanscape-pages-2019-03-24-18-15-31263d.jpg]
[www.causesforanimals.com/uploads/1/0/8/3/10832582/3241831_7.png]
[www.causesforanimals.com/uploads/1/0/8/3/10832582/7439958_7.png]
[www.causesforanimals.com/uploads/1/0/8/3/10832582/1743160_7.png]
[www.causesforanimals.com/gone-to-good-homes.html]
[www.weebly.com/uploads/b/10832582-236016628434642269/whatsapp_video_2020-06-17_at_11.06.13_269.jpg]
[www.weebly.com/uploads/b/10832582-236016628434642269/whatsapp_video_2020-06-17_at_11.05.43_413.jpg]
[www.weebly.com/uploads/b/10832582-236016628434642269/whatsapp_video_2020-02-24_at_15.06.21_916.jpg]
[www.weebly.com/uploads/b/10832582-236016628434642269/vid-20200114-wa0103_199.jpg]
[www.causesforanimals.com/uploads/1/0/8/3/10832582/published/rose7c61.jpg]
[www.causesforanimals.com/uploads/1/0/8/3/10832582/published/49337445-1118061295022231-965547083803131904-ne39e.jpg]
[www.weebly.com/uploads/b/10832582-236016628434642269/vid-20181119-wa0003_851.jpg]
[www.causesforanimals.com/uploads/1/0/8/3/10832582/editor/37717610-1010469655781396-5767971470269480960-oec9f.jpg]
[www.causesforanimals.com/uploads/1/0/8/3/10832582/published/7-buddy-is-home-2018-08-14-16-12-383504.jpg]
[www.causesforanimals.com/uploads/1/0/8/3/10832582/published/2503511dddd.jpg]
[www.causesforanimals.com/uploads/1/0/8/3/10832582/6068948fa7c.jpg]
[www.causesforanimals.com/uploads/1/0/8/3/10832582/70728961ff8.jpg]
[www.weebly.com/uploads/1/0/8/3/10832582/wrinkle_939.jpg]
[www.causesforanimals.com/dogs-around-the-world.html]
[www.causesforanimals.com/uploads/1/0/8/3/10832582/1459262c52f.png]
[www.causesforanimals.com/uploads/1/0/8/3/10832582/7325176.jpg]
[www.causesforanimals.com/uploads/1/0/8/3/10832582/1028034.png]
[www.causesforanimals.com/uploads/1/0/8/3/10832582/36998707ef6.png]
[www.causesforanimals.com/uploads/1/0/8/3/10832582/9016019006f.png]
[www.causesforanimals.com/uploads/1/0/8/3/10832582/editor/streetdog4_3403e.jpg]
[www.causesforanimals.com/uploads/1/0/8/3/10832582/6627705555d.jpg]
[www.causesforanimals.com/uploads/1/0/8/3/10832582/published/bullet1bcdc.jpg]
[www.causesforanimals.com/help-a-street-dog.html]
[www.causesforanimals.com/uploads/1/0/8/3/10832582/streetdog5_orig.jpg]
[www.causesforanimals.com/uploads/1/0/8/3/10832582/streetdog5.jpg]
[www.causesforanimals.com/uploads/1/0/8/3/10832582/streetdog3_orig.jpg]
[www.causesforanimals.com/uploads/1/0/8/3/10832582/streetdog3.jpg]
[www.causesforanimals.com/uploads/1/0/8/3/10832582/streetdog6_orig.jpg]
[www.causesforanimals.com/uploads/1/0/8/3/10832582/streetdog6.jpg]
[www.causesforanimals.com/uploads/1/0/8/3/10832582/streetdog4_1_orig.jpg]
[www.causesforanimals.com/uploads/1/0/8/3/10832582/streetdog4_1.jpg]
[www.causesforanimals.com/uploads/1/0/8/3/10832582/published/streetdog1_195cc.jpg]
[www.causesforanimals.com/uploads/1/0/8/3/10832582/published/streetdog22bb1.jpg]
[www.causesforanimals.com/uploads/1/0/8/3/10832582/1427287_2.jpg]
[www.causesforanimals.com/uploads/1/0/8/3/10832582/4173088_2.jpg]
[www.causesforanimals.com/uploads/1/0/8/3/10832582/628332_2.jpg]
[www.causesforanimals.com/uploads/1/0/8/3/10832582/2517018_2.jpg]
[www.causesforanimals.com/uploads/1/0/8/3/10832582/6019378_2.jpg]
[www.causesforanimals.com/uploads/1/0/8/3/10832582/8957799_2.jpg]
[www.causesforanimals.com/uploads/1/0/8/3/10832582/2441002_2.jpg]
[www.causesforanimals.com/cas-street-dogs.html]
[www.causesforanimals.com/uploads/1/0/8/3/10832582/published/1_31f1c9.jpg]
[www.causesforanimals.com/uploads/1/0/8/3/10832582/published/nov-2019-du-final-2019-11-15-09-02-204735.jpg]
[www.causesforanimals.com/uploads/1/0/8/3/10832582/published/xiao2c_22a3e.jpg]
[www.causesforanimals.com/uploads/1/0/8/3/10832582/_6708995.jpg]
[www.causesforanimals.com/uploads/1/0/8/3/10832582/editor/pipercrop_13e52.jpg]
[www.causesforanimals.com/uploads/1/0/8/3/10832582/published/pelia23404.jpg]
[www.causesforanimals.com/uploads/1/0/8/3/10832582/_3086186.jpg]
[www.causesforanimals.com/uploads/1/0/8/3/10832582/456407.jpg]
[www.causesforanimals.com/uploads/1/0/8/3/10832582/_3073992.jpg]
[www.causesforanimals.com/uploads/1/0/8/3/10832582/_6031986.jpg]
[www.causesforanimals.com/uploads/1/0/8/3/10832582/editor/smiley8b2ec.jpg]
[www.causesforanimals.com/uploads/1/0/8/3/10832582/6548796.jpg]
[www.causesforanimals.com/uploads/1/0/8/3/10832582/1374146.jpg]
[www.causesforanimals.com/uploads/1/0/8/3/10832582/8383848.jpg]
[www.causesforanimals.com/uploads/1/0/8/3/10832582/published/80811876f21.jpg]
[www.causesforanimals.com/uploads/1/0/8/3/10832582/1901096.jpg]
[www.causesforanimals.com/uploads/1/0/8/3/10832582/5388469.jpg]
[www.causesforanimals.com/uploads/1/0/8/3/10832582/7051668.jpg]
[www.causesforanimals.com/uploads/1/0/8/3/10832582/published/13947600880.jpg]
[www.causesforanimals.com/uploads/1/0/8/3/10832582/_1343959.jpg]
[www.causesforanimals.com/uploads/1/0/8/3/10832582/7695521_orig.jpg]
[www.causesforanimals.com/uploads/1/0/8/3/10832582/published/7695521cbb9.jpg]
[www.causesforanimals.com/uploads/1/0/8/3/10832582/published/9572439834f.jpg]
[www.causesforanimals.com/past-friends.html]
[www.causesforanimals.com/tips-on-strays.html]
[www.causesforanimals.com/uploads/1/0/8/3/10832582/published/paypalgrantgivingb50e.jpg]
[www.causesforanimals.com/rr-fund-appeal.html]
[www.causesforanimals.com/uploads/1/0/8/3/10832582/qrcode201314186z_4.png]
[www.causesforanimals.com/paymerchandise.html]
[www.causesforanimals.com/uploads/1/0/8/3/10832582/__4189085.jpg]
[www.causesforanimals.com/uploads/1/0/8/3/10832582/published/20copy-2020-06-15-09-45-490f91.jpg]
[www.causesforanimals.com/uploads/1/0/8/3/10832582/published/cas-breed-maroon745a.jpg]
[www.causesforanimals.com/uploads/1/0/8/3/10832582/tee-breed-dkblue_orig.jpg]
[www.causesforanimals.com/uploads/1/0/8/3/10832582/editor/20copy-2020-06-11-10-57-359568.jpg]
[www.causesforanimals.com/uploads/1/0/8/3/10832582/__4189083.jpg]
[www.causesforanimals.com/uploads/1/0/8/3/10832582/20copy-2020-06-11-16-43-02_orig.jpg]
[www.causesforanimals.com/uploads/1/0/8/3/10832582/20copy-2020-06-11-16-44-24_orig.jpg]
[www.causesforanimals.com/uploads/1/0/8/3/10832582/editor/20copy-2020-06-11-10-57-35_17ebd.jpg]
[www.causesforanimals.com/uploads/1/0/8/3/10832582/__4189084.jpg]
[www.causesforanimals.com/uploads/1/0/8/3/10832582/published/monosnap-2020-06-11-16-39-391cae.jpg]
[www.causesforanimals.com/uploads/1/0/8/3/10832582/orangecap_orig.png]
[www.causesforanimals.com/uploads/1/0/8/3/10832582/orangecap.png]
[www.causesforanimals.com/uploads/1/0/8/3/10832582/o1cn017e5wum1dbfck1eno0-93450235-removebg-preview-removebg-preview_orig.png]
[www.causesforanimals.com/uploads/1/0/8/3/10832582/o1cn017e5wum1dbfck1eno0-93450235-removebg-preview-removebg-preview.png]
[www.causesforanimals.com/uploads/1/0/8/3/10832582/o1cn01kpcors1dbfch8i0zp-93450235-removebg-preview_orig.png]
[www.causesforanimals.com/uploads/1/0/8/3/10832582/o1cn01kpcors1dbfch8i0zp-93450235-removebg-preview.png]
[www.causesforanimals.com/uploads/1/0/8/3/10832582/editor/20copy-2020-06-11-10-57-35_2a6c6.jpg]
[www.causesforanimals.com/uploads/1/0/8/3/10832582/20copy-2020-06-12-11-19-23_orig.jpg]
[www.causesforanimals.com/merchandise.html]
[cdn2.editmysite.com/css/old/slideshow/slideshow3554.css]
[cdn2.editmysite.com/js/old/slideshow-jq3666.js]
[www.causesforanimals.com/uploads/1/0/8/3/10832582/weebly-2020-05-01-14-20-03_19.jpg]
[www.causesforanimals.com/khartik.html]
[www.causesforanimals.com/uploads/1/0/8/3/10832582/______________________________________________________________________________________________________________]
[www.causesforanimals.com/uploads/1/0/8/3/10832582/lila-01_orig.jpg]
[www.causesforanimals.com/uploads/1/0/8/3/10832582/___________________________________________6373266_orig.png]
[www.causesforanimals.com/lila.html]
[www.causesforanimals.com/uploads/1/0/8/3/10832582/___________________________________________6373263_orig.png]
[www.causesforanimals.com/arthos.html]
[www.causesforanimals.com/mei-mei.html]
[www.causesforanimals.com/uploads/1/0/8/3/10832582/______________________________________________________________________________________________________________-2]
[www.causesforanimals.com/uploads/1/0/8/3/10832582/_______________________________________________________6373261_orig.png]
[www.causesforanimals.com/primrose.html]
[www.causesforanimals.com/uploads/1/0/8/3/10832582/_______6373262_orig.png]
[www.causesforanimals.com/harry.html]
[www.causesforanimals.com/uploads/1/0/8/3/10832582/________________________________________6373261_orig.png]
[www.causesforanimals.com/uploads/1/0/8/3/10832582/published/ibatmchqbutton_9.png]
[www.causesforanimals.com/wiseman.html]
[www.causesforanimals.com/uploads/1/0/8/3/10832582/_6373261_orig.png]
[www.causesforanimals.com/ah-leng.html]
[cdn2.editmysite.com/css/old/slideshow/slideshowfff6.css]
[cdn2.editmysite.com/js/old/slideshow-jqdb19.js]
[www.causesforanimals.com/uploads/1/0/8/3/10832582/___________________________________________________________________6373261_orig.png]
[www.causesforanimals.com/courtney.html]
[www.causesforanimals.com/uploads/1/0/8/3/10832582/________________________________________6373262_orig.png]
[www.causesforanimals.com/uploads/1/0/8/3/10832582/weebly-2020-05-01-14-20-03_2.jpg]
[www.causesforanimals.com/dash.html]
[www.causesforanimals.com/uploads/1/0/8/3/10832582/sandysq_1.jpg]
[www.causesforanimals.com/uploads/1/0/8/3/10832582/___________________________________6373261_orig.png]
[www.causesforanimals.com/sandy.html]
[www.causesforanimals.com/uploads/1/0/8/3/10832582/__________________________________________6373261_orig.png]
[www.causesforanimals.com/uploads/1/0/8/3/10832582/published/ibatmchqbutton_13.png]
[www.causesforanimals.com/sammy.html]
[www.causesforanimals.com/uploads/1/0/8/3/10832582/_______6373267_orig.png]
[www.causesforanimals.com/uploads/1/0/8/3/10832582/editor/layoutpageslanscape-pages-2018-10-16-10-22-07_2.jpg]
[www.causesforanimals.com/jewel.html]
[www.causesforanimals.com/uploads/1/0/8/3/10832582/______________6373261_orig.png]
[www.causesforanimals.com/nina.html]
[www.causesforanimals.com/elizabeth.html]
[www.causesforanimals.com/bullet.html]
[www.causesforanimals.com/uploads/1/0/8/3/10832582/______________________________________________________________________________________________________________-3]
[www.causesforanimals.com/uploads/1/0/8/3/10832582/______________________________________________________________________________________________________________-4]
[www.causesforanimals.com/uploads/1/0/8/3/10832582/3017369_orig.jpg]
[www.causesforanimals.com/mel.html]
[www.causesforanimals.com/uploads/1/0/8/3/10832582/_____________________________________________________________________________________________6373261_orig.320]
[www.causesforanimals.com/uploads/1/0/8/3/10832582/_______6373261_orig.png]
[www.causesforanimals.com/elvis.html]
[www.causesforanimals.com/uploads/1/0/8/3/10832582/3979425.jpg]
[www.causesforanimals.com/uploads/1/0/8/3/10832582/____________________________________________________________________________________6373261_orig.png]
[www.causesforanimals.com/fokker.html]
[www.causesforanimals.com/uploads/1/0/8/3/10832582/______________________________________________________________________6373261_orig.png]
[www.causesforanimals.com/bindy.html]
[www.causesforanimals.com/uploads/1/0/8/3/10832582/______________6373268_orig.png]
[www.causesforanimals.com/gimmy.html]
[www.causesforanimals.com/uploads/1/0/8/3/10832582/published/draftingbookportrait-pages_59.jpg]
[www.causesforanimals.com/uploads/1/0/8/3/10832582/______________________________________________________________________________________________________________-5]
[www.causesforanimals.com/4-little-monkeys.html]
[www.causesforanimals.com/uploads/1/0/8/3/10832582/published/draftingbookportrait-pages_58.jpg]
[www.causesforanimals.com/polly.html]
[www.causesforanimals.com/uploads/1/0/8/3/10832582/______________________________________________________________________________________________________________-6]
[cdn2.editmysite.com/js/site/main-customer-accounts-site0b6e.js]
[cdn2.editmysite.com/js/wsnbn/snowday262.js]
[www.causesforanimals.com/files/theme/no-header-wrap-in-greenb2f12.html]
[www.causesforanimals.com/files/theme/landing-wrap-in-greena2f12.html]
[www.causesforanimals.com/files/theme/button-large-teal2f12.html]
[www.causesforanimals.com/o.html]
[www.causesforanimals.com/mustache.html]
[www.causesforanimals.com/formSubmit.html]
[www.causesforanimals.com/formSubmitAjax.html]
[www.causesforanimals.com/weebly/libraries/videojs/video-js.html]
[www.causesforanimals.com/AppleWebKit/index.html]
[www.causesforanimals.com/Mobile/index.html]
[www.causesforanimals.com/sponsor-a-cas-dog.html]
[cdn2.editmysite.com/css/sites3666.css]
[cdn2.editmysite.com/js/site/main3666.js]
[cdn2.editmysite.com/js/lang/en/stl2fac.js]
[cdn2.editmysite.com/js/site/main-customer-accounts-site3666.js]
[www.causesforanimals.com/uploads/1/0/8/3/10832582/editor/ready-1-page_5.png]
[www.causesforanimals.com/uploads/1/0/8/3/10832582/published/5276934_8.jpg]
[www.causesforanimals.com/smpintro.html]
[www.causesforanimals.com/ado2019round-up.html]
[cdn2.editmysite.com/css/sitesdb19.css]
[cdn2.editmysite.com/js/site/maindb19.js]
[cdn2.editmysite.com/js/lang/en/stl32be.js]
[cdn2.editmysite.com/js/site/main-customer-accounts-sitedb19.js]
[cdn2.editmysite.com/images/old/slideshow/control_icons.gif]
[cdn2.editmysite.com/images/old/slideshow/header_slideshow_sprites.png]
[cdn2.editmysite.com/images/old/loading.gif]
[cdn2.editmysite.com/images/old/slideshow/header_slideshow_sprites1x.png]
[cdn2.editmysite.com/css/old/slideshow/slideshowa9a4.css]
[cdn2.editmysite.com/js/old/slideshow-jq0b6e.js]
[www.causesforanimals.com/uploads/1/0/8/3/10832582/60642262723.jpg]
[www.causesforanimals.com/vol-registration-form.html]
[www.causesforanimals.com/uploads/1/0/8/3/10832582/editor/layoutpageslanscape-pages-2018-10-18-08-34-49_1e14e.jpg]
[www.causesforanimals.com/uploads/1/0/8/3/10832582/editor/layoutpageslanscape-pages-2018-10-18-08-34-32_19998.jpg]
[www.causesforanimals.com/uploads/1/0/8/3/10832582/7783566_2.jpg]
[www.causesforanimals.com/paypal-donation.html]
[www.causesforanimals.com/uploads/1/0/8/3/10832582/weeblybuttons-pages_4.jpg]
[www.causesforanimals.com/ibchqatm-donation.html]
[www.causesforanimals.com/uploads/1/0/8/3/10832582/editor/draftingbookportrait-pages-2018-11-22-15-04-173966.jpg]
[www.causesforanimals.com/credit-card-donation.html]
[www.causesforanimals.com/uploads/1/0/8/3/10832582/editor/layoutpageslanscape-pages-2019-09-22-08-12-018db8.jpg]
[www.causesforanimals.com/uploads/1/0/8/3/10832582/qrcode201314186z_orig.png]
[www.causesforanimals.com/paynow-donation.html]
[www.causesforanimals.com/community-care-work.html]
[www.causesforanimals.com/uploads/1/0/8/3/10832582/_3373446ad61.png]
[www.causesforanimals.com/uploads/1/0/8/3/10832582/9088901a96b.jpg]
[www.causesforanimals.com/uploads/1/0/8/3/10832582/82765169cfd.jpg]
[www.causesforanimals.com/uploads/1/0/8/3/10832582/50013826da9.jpg]
[www.causesforanimals.com/uploads/1/0/8/3/10832582/3020580d1c3.jpg]
[www.causesforanimals.com/uploads/1/0/8/3/10832582/32924649183.png]
[www.causesforanimals.com/uploads/1/0/8/3/10832582/16398770d0f.jpg]
[www.causesforanimals.com/kennel-faq.html]
[www.causesforanimals.com/uploads/1/0/8/3/10832582/editor/nala_1.jpg]
[www.causesforanimals.com/uploads/1/0/8/3/10832582/________________________________________6373334.png]
[www.causesforanimals.com/uploads/1/0/8/3/10832582/weebly-2020-05-01-14-20-03_18.jpg]
[www.causesforanimals.com/nala.html]
[www.causesforanimals.com/uploads/1/0/8/3/10832582/________________________________________6373332.png]
[www.causesforanimals.com/uploads/1/0/8/3/10832582/weebly-2020-05-01-14-20-03_16.jpg]
[www.causesforanimals.com/belle.html]
[www.causesforanimals.com/uploads/1/0/8/3/10832582/published/5_11f6b9.jpg]
[www.causesforanimals.com/uploads/1/0/8/3/10832582/________________________________________6373322.png]
[www.causesforanimals.com/uploads/1/0/8/3/10832582/weebly-2020-05-01-14-20-03_4.jpg]
[www.causesforanimals.com/oliver.html]
[www.causesforanimals.com/uploads/1/0/8/3/10832582/________________________________________6373328.png]
[www.causesforanimals.com/uploads/1/0/8/3/10832582/weebly-2020-05-01-14-20-03_3.jpg]
[www.causesforanimals.com/siam.html]
[www.causesforanimals.com/new-pre-adoption-questionnaire.html]
[www.causesforanimals.com/uploads/1/0/8/3/10832582/published/manilac_5.html]
[www.causesforanimals.com/uploads/1/0/8/3/10832582/adopted_dogs_2013-_late_2018.pdf]
[www.causesforanimals.com/uploads/1/0/8/3/10832582/editor/layoutpageslanscape-pages-2019-03-24-18-10-02affd.jpg]
[www.causesforanimals.com/uploads/1/0/8/3/10832582/published/layoutpageslanscape-pages_585faf.jpg]
[www.causesforanimals.com/uploads/1/0/8/3/10832582/published/layoutpageslanscape-pages_595786.jpg]
[www.causesforanimals.com/uploads/1/0/8/3/10832582/published/layoutpageslanscape-pages_6662b8.jpg]
[www.causesforanimals.com/adopted-dogs.html]
[cdn2.editmysite.com/css/old/slideshow/slideshow3554.css]
[cdn2.editmysite.com/js/old/slideshow-jq3666.js]
[cdn2.editmysite.com/css/old/slideshow/slideshowfff6.css]
[cdn2.editmysite.com/js/old/slideshow-jqdb19.js]
[www.causesforanimals.com/ecommerce.html]
[www.causesforanimals.com/store/account/index.html]
[www.causesforanimals.com/images/customer-accounts/arrow-left.html]
[www.causesforanimals.com/images/customer-accounts/check.html]
[www.causesforanimals.com/images/customer-accounts/close-icon.html]
[www.causesforanimals.com/dist/index.html]
[www.causesforanimals.com/ABCDEFGHIJKLMNOPQRSTUVWXYZabcdefghijklmnopqrstuvwxyz0123456789+/index.html]
[www.causesforanimals.com/payload.html]
[www.causesforanimals.com/POST.html]
